
estan@DESKTOP-JF0DBUK MINGW64 ~
$ pwd
/c/Users/estan

estan@DESKTOP-JF0DBUK MINGW64 ~
$ mkdir "digital house"

estan@DESKTOP-JF0DBUK MINGW64 ~
$ ls
'3D Objects'/            Downloads/              'Mis documentos'@                                                                               Plantillas@    'digital house'/
 AppData/               'Entorno de red'@         Music/                                                                                         Reciente@       informes/
'Configuración local'@   Favorites/               NTUSER.DAT                                                                                    'Saved Games'/   ntuser.dat.LOG1
 Contacts/               Impresoras@              NTUSER.DAT{53b39e88-18c4-11ea-a811-000d3aa4692b}.TM.blf                                        Searches/       ntuser.dat.LOG2
 Cookies@                IntelGraphicsProfiles/   NTUSER.DAT{53b39e88-18c4-11ea-a811-000d3aa4692b}.TMContainer00000000000000000001.regtrans-ms   SendTo@         ntuser.ini
'Datos de programa'@     Links/                   NTUSER.DAT{53b39e88-18c4-11ea-a811-000d3aa4692b}.TMContainer00000000000000000002.regtrans-ms   Videos/
 Documents/             'Menú Inicio'@            OneDrive/                                                                                     '[informes]'/

estan@DESKTOP-JF0DBUK MINGW64 ~
$ cd "digital house"

estan@DESKTOP-JF0DBUK MINGW64 ~/digital house
$ mkdir repaso_clase_1y2

estan@DESKTOP-JF0DBUK MINGW64 ~/digital house
$ ls
repaso_clase_1y2/

estan@DESKTOP-JF0DBUK MINGW64 ~/digital house
$ mkdir historia_de_la_contabilidad que_haremos_hoy servidores interfaces_de_usuario infraestructura

estan@DESKTOP-JF0DBUK MINGW64 ~/digital house
$ ls
historia_de_la_contabilidad/  infraestructura/  interfaces_de_usuario/  que_haremos_hoy/  repaso_clase_1y2/  servidores/

estan@DESKTOP-JF0DBUK MINGW64 ~/digital house
$ cd historia_de_la_contabilida
bash: cd: historia_de_la_contabilida: No such file or directory

estan@DESKTOP-JF0DBUK MINGW64 ~/digital house
$ cd historia_de_la_contabilidad

estan@DESKTOP-JF0DBUK MINGW64 ~/digital house/historia_de_la_contabilidad
$ touch archivo1.txt

estan@DESKTOP-JF0DBUK MINGW64 ~/digital house/historia_de_la_contabilidad
$ ls
archivo1.txt

estan@DESKTOP-JF0DBUK MINGW64 ~/digital house/historia_de_la_contabilidad
$ cd ../ infraestructura
bash: cd: too many arguments

estan@DESKTOP-JF0DBUK MINGW64 ~/digital house/historia_de_la_contabilidad
$ cd ../infraestructura

estan@DESKTOP-JF0DBUK MINGW64 ~/digital house/infraestructura
$ touch reoaso2.txt

estan@DESKTOP-JF0DBUK MINGW64 ~/digital house/infraestructura
$ mv reoaso2.txt repaso2.txt

estan@DESKTOP-JF0DBUK MINGW64 ~/digital house/infraestructura
$ ls
repaso2.txt

estan@DESKTOP-JF0DBUK MINGW64 ~/digital house/infraestructura
$ cd ../historia_de_la_contabilidad

estan@DESKTOP-JF0DBUK MINGW64 ~/digital house/historia_de_la_contabilidad
$ mv archivo1.txt repaso1.txt

estan@DESKTOP-JF0DBUK MINGW64 ~/digital house/historia_de_la_contabilidad
$ ls
repaso1.txt

estan@DESKTOP-JF0DBUK MINGW64 ~/digital house/historia_de_la_contabilidad
$ cd ../interfaces_de_usuario

estan@DESKTOP-JF0DBUK MINGW64 ~/digital house/interfaces_de_usuario
$ touch repaso3.txt

estan@DESKTOP-JF0DBUK MINGW64 ~/digital house/interfaces_de_usuario
$ ls
repaso3.txt

estan@DESKTOP-JF0DBUK MINGW64 ~/digital house/interfaces_de_usuario
$ cd ../servidores

estan@DESKTOP-JF0DBUK MINGW64 ~/digital house/servidores
$ touch repaso4.txt

estan@DESKTOP-JF0DBUK MINGW64 ~/digital house/servidores
$ cd ../que_haremos_hoy

estan@DESKTOP-JF0DBUK MINGW64 ~/digital house/que_haremos_hoy
$ touch repaso5.txt

estan@DESKTOP-JF0DBUK MINGW64 ~/digital house/que_haremos_hoy
$ ls
repaso5.txt

estan@DESKTOP-JF0DBUK MINGW64 ~/digital house/que_haremos_hoy
$ cd ../

estan@DESKTOP-JF0DBUK MINGW64 ~/digital house
$ mv infraestructura repaso_clase_1y2

estan@DESKTOP-JF0DBUK MINGW64 ~/digital house
$ mv historia_de_la_contabilidad repaso_clase_1y2

estan@DESKTOP-JF0DBUK MINGW64 ~/digital house
$ mv servidores repaso_clase_1y2

estan@DESKTOP-JF0DBUK MINGW64 ~/digital house
$ mv infraestructuta repaso_clase_1y2
mv: cannot stat 'infraestructuta': No such file or directory

estan@DESKTOP-JF0DBUK MINGW64 ~/digital house
$ mv infraestructura repaso_clase_1y2
mv: cannot stat 'infraestructura': No such file or directory

estan@DESKTOP-JF0DBUK MINGW64 ~/digital house
$ mv que_haremos_hoy repaso_clase_1y2

estan@DESKTOP-JF0DBUK MINGW64 ~/digital house
$ mv interfaces_de_usuarios repaso_clase_1y2
mv: cannot stat 'interfaces_de_usuarios': No such file or directory

estan@DESKTOP-JF0DBUK MINGW64 ~/digital house
$ mv interfaces_de_usuario repaso_clase_1y2

estan@DESKTOP-JF0DBUK MINGW64 ~/digital house
$ cd repaso_clase_1y2

estan@DESKTOP-JF0DBUK MINGW64 ~/digital house/repaso_clase_1y2
$ ls
historia_de_la_contabilidad/  infraestructura/  interfaces_de_usuario/  que_haremos_hoy/  servidores/

estan@DESKTOP-JF0DBUK MINGW64 ~/digital house/repaso_clase_1y2
$ ls -r
servidores/  que_haremos_hoy/  interfaces_de_usuario/  infraestructura/  historia_de_la_contabilidad/

estan@DESKTOP-JF0DBUK MINGW64 ~/digital house/repaso_clase_1y2
$ cd ../"digital house"
bash: cd: ../digital house: No such file or directory

estan@DESKTOP-JF0DBUK MINGW64 ~/digital house/repaso_clase_1y2
$ cd../digital house
bash: cd../digital: No such file or directory

estan@DESKTOP-JF0DBUK MINGW64 ~/digital house/repaso_clase_1y2
$ cd servidores

estan@DESKTOP-JF0DBUK MINGW64 ~/digital house/repaso_clase_1y2/servidores
$ ls
repaso4.txt

estan@DESKTOP-JF0DBUK MINGW64 ~/digital house/repaso_clase_1y2/servidores
$ ../repaso_clase_1y2
bash: ../repaso_clase_1y2: No such file or directory

estan@DESKTOP-JF0DBUK MINGW64 ~/digital house/repaso_clase_1y2/servidores
$ cd ../repaso_clase_1y2
bash: cd: ../repaso_clase_1y2: No such file or directory

estan@DESKTOP-JF0DBUK MINGW64 ~/digital house/repaso_clase_1y2/servidores
$ cd ..

estan@DESKTOP-JF0DBUK MINGW64 ~/digital house/repaso_clase_1y2
$ ls -R
.:
historia_de_la_contabilidad/  infraestructura/  interfaces_de_usuario/  que_haremos_hoy/  servidores/

./historia_de_la_contabilidad:
repaso1.txt

./infraestructura:
repaso2.txt

./interfaces_de_usuario:
repaso3.txt

./que_haremos_hoy:
repaso5.txt

./servidores:
repaso4.txt

estan@DESKTOP-JF0DBUK MINGW64 ~/digital house/repaso_clase_1y2
